
> react-example@0.0.0 build
> vite build

[36mvite v6.4.1 [32mbuilding for production...[36m[39m
transforming...
[32mÔ£ô[39m 3 modules transformed.
npm : [31mÔ£ù[39m Build failed in 41ms
At line:1 char:1
+ npm run build > build_output.txt 2>&1
+ ~~~~~~~~~~~~~~~~~~~~~~~~~~~~~~~~~~~~~
    + CategoryInfo          : NotSpecified: ([31mÔ£ù[39m Build failed in 41ms:String) [], RemoteExcepti
on
    + FullyQualifiedErrorId : NativeCommandError
 
[31merror during build:
[31m[vite:esbuild] Transform failed with 1 error:
D:/APPS By nRn World/NexNote/src/App.tsx:20:0: ERROR: Expected identifier but found "<<"[31m
file: [36mD:/APPS By nRn World/NexNote/src/App.tsx:20:0[31m
[33m
[33mExpected identifier but found "<<"[33m
18 |    Play,
19 |    Camera,
20 |  <<<<<<< HEAD
   |  ^
21 |    Maximize2,
22 |    Pin,
[31m
    at failureErrorWithLog (D:\APPS By nRn World\NexNote\node_modules\vite\node_modules\esbuild\lib\main.
js:1467:15)
    at D:\APPS By nRn World\NexNote\node_modules\vite\node_modules\esbuild\lib\main.js:736:50
    at responseCallbacks.<computed> (D:\APPS By nRn World\NexNote\node_modules\vite\node_modules\esbuild\
lib\main.js:603:9)
    at handleIncomingPacket (D:\APPS By nRn World\NexNote\node_modules\vite\node_modules\esbuild\lib\main
.js:658:12)
    at Socket.readFromStdout (D:\APPS By nRn World\NexNote\node_modules\vite\node_modules\esbuild\lib\mai
n.js:581:7)
    at Socket.emit (node:events:524:28)
    at addChunk (node:internal/streams/readable:561:12)
    at readableAddChunkPushByteMode (node:internal/streams/readable:512:3)
    at Readable.push (node:internal/streams/readable:392:5)
    at Pipe.onStreamRead (node:internal/stream_base_commons:191:23)[39m
